---
source: fmt_import/src/import_manager.rs
expression: processor.find_all_imports(content)
---
[
    ImportBlock {
        start_idx: 1,
        end_index: 1,
        imports: [
            SingleLine {
                idx: 1,
            },
        ],
    },
]
